// Vitest Snapshot v1, https://vitest.dev/guide/snapshot.html

exports[`writeApiDocumentation > should generate API documentation and write to a file 1`] = `
{
  "components": {
    "parameters": {},
    "schemas": {},
    "securitySchemes": {
      "authorizer": {
        "in": "header",
        "name": "Authorization",
        "type": "apiKey",
        "x-amazon-apigateway-authorizer": {
          "authorizerCredentials": "arn:aws:iam::000000000000:role/api_gateway_auth_invocation",
          "authorizerResultTtlInSeconds": 0,
          "authorizerUri": "arn:aws:apigateway:eu-west-2:lambda:path/2015-03-31/functions/arn:aws:lambda:eu-west-2:000000000000:function:test-lambda-name/invocations",
          "identitySource": "method.request.header.Authorization",
          "requestTemplates": {
            "application/json": "{ "authorization": "$input.params('Authorization')", "staticValue": "HelloWorld", "stage": "$context.stage", "requestTime": "$context.requestTime", "requestId": "$context.requestId" }",
          },
          "type": "request",
        },
        "x-amazon-apigateway-authtype": "custom",
      },
    },
  },
  "info": {
    "title": "aw-pets-euw-ENVIRONMENT-apigateway-coreservices",
    "version": "1.0.0",
  },
  "openapi": "3.0.0",
  "paths": {
    "/posts/{postId}": {
      "post": {
        "description": "Create post",
        "parameters": [
          {
            "in": "path",
            "name": "postId",
            "required": true,
            "schema": {
              "type": "string",
            },
          },
        ],
        "requestBody": {
          "content": {
            "application/json": {
              "schema": {
                "properties": {
                  "content": {
                    "type": "string",
                  },
                  "title": {
                    "type": "string",
                  },
                },
                "required": [
                  "title",
                  "content",
                ],
                "type": "object",
              },
            },
          },
        },
        "responses": {
          "2XX": {
            "content": {
              "application/json": {
                "schema": {
                  "properties": {
                    "postId": {
                      "type": "string",
                    },
                  },
                  "required": [
                    "postId",
                  ],
                  "type": "object",
                },
              },
            },
            "description": "2XX response",
          },
          "400": {
            "description": "400 response",
          },
          "401": {
            "description": "401 response",
          },
          "403": {
            "description": "403 response",
          },
          "404": {
            "description": "404 response",
          },
          "500": {
            "description": "500 response",
          },
        },
        "security": [
          {
            "authorizer": [],
          },
        ],
        "summary": "New post",
        "tags": [
          "Posts",
        ],
        "x-amazon-apigateway-integration": {
          "httpMethod": "POST",
          "passthroughBehavior": "when_no_match",
          "type": "aws_proxy",
          "uri": "arn:aws:lambda:region:123456789012:function:post",
        },
      },
    },
    "/users/{userId}": {
      "get": {
        "description": "Get user details",
        "parameters": [
          {
            "in": "path",
            "name": "userId",
            "required": true,
            "schema": {
              "type": "string",
            },
          },
          {
            "in": "query",
            "name": "search",
            "required": false,
            "schema": {
              "type": "string",
            },
          },
          {
            "in": "header",
            "name": "Authorization",
            "required": true,
            "schema": {
              "type": "string",
            },
          },
        ],
        "responses": {
          "2XX": {
            "content": {
              "application/json": {
                "schema": {
                  "properties": {
                    "id": {
                      "type": "string",
                    },
                    "name": {
                      "type": "string",
                    },
                  },
                  "required": [
                    "id",
                    "name",
                  ],
                  "type": "object",
                },
              },
            },
            "description": "2XX response",
          },
          "400": {
            "description": "400 response",
          },
          "401": {
            "description": "401 response",
          },
          "403": {
            "description": "403 response",
          },
          "404": {
            "description": "404 response",
          },
          "500": {
            "description": "500 response",
          },
        },
        "security": [
          {
            "authorizer": [],
          },
        ],
        "summary": "Fetch user",
        "tags": [
          "Users",
        ],
        "x-amazon-apigateway-integration": {
          "httpMethod": "POST",
          "passthroughBehavior": "when_no_match",
          "type": "aws_proxy",
          "uri": "arn:aws:lambda:region:123456789012:function:user",
        },
      },
    },
  },
  "servers": [],
}
`;
